// Vitest Snapshot v1

exports[`Login > should render 1`] = `
<DocumentFragment>
  <div
    data-testid="login-view"
  >
    <button
      class="bg-transparent inline-flex items-center rounded-lg text-sm text-gray-400 absolute right-2.5 top-3 ml-auto p-1.5 hover:bg-gray-200 hover:text-gray-900 dark:hover:bg-gray-800 dark:hover:text-white"
      data-testid="modal-close"
      type="button"
    >
      <svg
        aria-hidden="true"
        class="h-5 w-5"
        fill="currentColor"
        viewBox="0 0 24 24"
        xmlns="http://www.w3.org/2000/svg"
      >
        <path
          clip-rule="evenodd"
          d="M4.293 4.293a1 1 0 011.414 0L10 8.586l4.293-4.293a1 1 0 111.414 1.414L11.414 10l4.293 4.293a1 1 0 01-1.414 1.414L10 11.414l-4.293 4.293a1 1 0 01-1.414-1.414L8.586 10 4.293 5.707a1 1 0 010-1.414z"
          fill-rule="evenodd"
        />
      </svg>
    </button>
    <div
      class="px-6 py-6 lg:px-8"
    >
      <h3
        class="text-xl font-medium text-gray-900 dark:text-white mb-3"
      >
        Sign in to our platform
      </h3>
      <form
        class="space-y-6"
        data-testid="login-form"
      >
        <div>
          <label
            class="text-sm font-medium text-gray-900 dark:text-white "
            for="email"
          >
            Your email
          </label>
          <input
            class="bg-gray-50 border border-gray-300 text-gray-900 text-sm rounded-lg focus:ring-blue-500 focus:border-blue-500 block w-full p-2.5 dark:bg-gray-600 dark:border-gray-500 dark:placeholder-gray-400 dark:text-white"
            data-testid=""
            name="email"
            placeholder="name@company.com"
            required=""
            type="email"
          />
        </div>
        <div>
          <label
            class="text-sm font-medium text-gray-900 dark:text-white "
            for="password"
          >
            Your password
          </label>
          <input
            class="bg-gray-50 border border-gray-300 text-gray-900 text-sm rounded-lg focus:ring-blue-500 focus:border-blue-500 block w-full p-2.5 dark:bg-gray-600 dark:border-gray-500 dark:placeholder-gray-400 dark:text-white"
            data-testid=""
            name="password"
            placeholder="••••••••"
            required=""
            type="password"
          />
        </div>
        <div
          class="flex justify-between"
        >
          <div
            class="flex items-start"
          >
            <div
              class="flex h-5 items-center"
            >
              <input
                class="w-4 h-4 border border-gray-300 rounded bg-gray-50 focus:ring-3 focus:ring-blue-300 dark:bg-gray-600 dark:border-gray-500 dark:focus:ring-blue-600 dark:ring-offset-gray-800 dark:focus:ring-offset-gray-800"
                data-testid=""
                id="remember-me"
                required=""
                type="checkbox"
              />
            </div>
            <label
              class="text-sm font-medium text-gray-900 dark:text-white ml-1"
              for="remember"
            >
              Remember me
            </label>
          </div>
          <a
            class="text-sm text-blue-700 hover:underline dark:text-blue-500"
            href="src/Components/Modal/View#"
          >
            Lost Password?
          </a>
        </div>
        <button
          class="rounded-lg font-medium text-base text-center px-5 py-2.5 text-white bg-blue-700 hover:bg-blue-800 w-full"
          type="submit"
        >
          Login to your account
        </button>
        <div
          class="text-sm font-medium text-gray-500 dark:text-gray-300"
        >
          Not registered?
          <a
            class="text-blue-700 hover:underline dark:text-blue-500"
            href="src/Components/Modal/View#"
          >
            Create account
          </a>
        </div>
      </form>
    </div>
  </div>
</DocumentFragment>
`;
