// Vitest Snapshot v1

exports[`Register > should render 1`] = `
<DocumentFragment>
  <header
    class="bg-white shadow"
  >
    <div
      class="mx-auto flex max-w-7xl justify-between py-6 px-4 sm:px-6 lg:px-8"
    >
      <h1
        class="text-3xl font-bold tracking-tight text-gray-900"
      >
        Register
      </h1>
    </div>
  </header>
  <main>
    <div
      class="mx-auto max-w-7xl py-6 md:px-6 lg:px-8"
    >
      <div
        class="mx-auto max-w-3xl rounded-lg border-dashed border-gray-200 sm:border-4"
      >
        <div
          class="sm:p-6"
        >
          <form
            class="space-y-6"
            data-testid="register-form"
          >
            <div>
              <label
                class="text-sm font-medium text-gray-900 dark:text-white "
                for="firstName"
              >
                First Name:
              </label>
              <input
                class="bg-gray-50 border border-gray-300  text-gray-900 text-sm rounded-lg block w-full p-2.5 focus:ring-blue-500 focus:border-blue-500 "
                name="firstName"
                placeholder="first name"
                template="text"
                type="text"
              />
            </div>
            <div>
              <label
                class="text-sm font-medium text-gray-900 dark:text-white "
                for="lastName"
              >
                Last Name:
              </label>
              <input
                class="bg-gray-50 border border-gray-300  text-gray-900 text-sm rounded-lg block w-full p-2.5 focus:ring-blue-500 focus:border-blue-500 "
                name="lastName"
                placeholder="last name"
                template="text"
                type="text"
              />
            </div>
            <div>
              <label
                class="text-sm font-medium text-gray-900 dark:text-white "
                for="email"
              >
                Your email:
              </label>
              <input
                class="bg-gray-50 border border-gray-300  text-gray-900 text-sm rounded-lg block w-full p-2.5 focus:ring-blue-500 focus:border-blue-500 "
                name="email"
                placeholder="name@company.com"
                template="text"
                type="email"
              />
            </div>
            <div>
              <label
                class="text-sm font-medium text-gray-900 dark:text-white "
                for="password"
              >
                Your password:
              </label>
              <input
                class="bg-gray-50 border border-gray-300  text-gray-900 text-sm rounded-lg block w-full p-2.5 focus:ring-blue-500 focus:border-blue-500 "
                name="password"
                placeholder="••••••••"
                template="text"
                type="password"
              />
            </div>
            <div
              class="flex sm:justify-end"
            >
              <button
                class="rounded-lg font-medium text-base text-center px-5 py-2.5 text-white bg-blue-700 hover:bg-blue-800 w-full sm:w-fit"
                template="primary"
                type="submit"
              >
                Register
              </button>
            </div>
          </form>
        </div>
      </div>
    </div>
  </main>
</DocumentFragment>
`;
