// Vitest Snapshot v1

exports[`Register > should render 1`] = `
<DocumentFragment>
  <header
    class="bg-white shadow"
  >
    <div
      class="mx-auto max-w-7xl py-6 px-4 sm:px-6 lg:px-8"
    >
      <h1
        class="text-3xl font-bold tracking-tight text-gray-900"
      >
        Register
      </h1>
    </div>
  </header>
  <main>
    <div
      class="mx-auto max-w-2xl py-6 sm:px-6 lg:px-8"
    >
      <div
        class="px-4 py-6 sm:px-0"
      >
        <div
          class="rounded-lg border-4 border-dashed border-gray-200"
        >
          <div
            class="sm:container"
          >
            <div
              class="px-6 py-6"
            >
              <form
                class="space-y-6"
                data-testid="register-form"
              >
                <div>
                  <label
                    class="text-sm font-medium text-gray-900 dark:text-white "
                    for="firstName"
                  >
                    First Name:
                  </label>
                  <input
                    class="bg-gray-50 border border-gray-300 text-gray-900 text-sm rounded-lg focus:ring-blue-500 focus:border-blue-500 block w-full p-2.5 dark:bg-gray-600 dark:border-gray-500 dark:placeholder-gray-400 dark:text-white"
                    data-testid=""
                    name="firstName"
                    placeholder="first name"
                    required=""
                    type="text"
                  />
                </div>
                <div>
                  <label
                    class="text-sm font-medium text-gray-900 dark:text-white "
                    for="lastName"
                  >
                    Last Name:
                  </label>
                  <input
                    class="bg-gray-50 border border-gray-300 text-gray-900 text-sm rounded-lg focus:ring-blue-500 focus:border-blue-500 block w-full p-2.5 dark:bg-gray-600 dark:border-gray-500 dark:placeholder-gray-400 dark:text-white"
                    data-testid=""
                    name="lastName"
                    placeholder="last name"
                    required=""
                    type="text"
                  />
                </div>
                <div>
                  <label
                    class="text-sm font-medium text-gray-900 dark:text-white "
                    for="email"
                  >
                    Your email:
                  </label>
                  <input
                    class="bg-gray-50 border border-gray-300 text-gray-900 text-sm rounded-lg focus:ring-blue-500 focus:border-blue-500 block w-full p-2.5 dark:bg-gray-600 dark:border-gray-500 dark:placeholder-gray-400 dark:text-white"
                    data-testid=""
                    name="email"
                    placeholder="name@company.com"
                    required=""
                    type="email"
                  />
                </div>
                <div>
                  <label
                    class="text-sm font-medium text-gray-900 dark:text-white "
                    for="password"
                  >
                    Your password:
                  </label>
                  <input
                    class="bg-gray-50 border border-gray-300 text-gray-900 text-sm rounded-lg focus:ring-blue-500 focus:border-blue-500 block w-full p-2.5 dark:bg-gray-600 dark:border-gray-500 dark:placeholder-gray-400 dark:text-white"
                    data-testid=""
                    name="password"
                    placeholder="••••••••"
                    required=""
                    type="password"
                  />
                </div>
                <div
                  class="flex justify-end"
                >
                  <button
                    class="rounded-lg font-medium text-base text-center px-5 py-2.5 text-white bg-blue-700 hover:bg-blue-800 "
                    type="submit"
                  >
                    Register
                  </button>
                </div>
              </form>
            </div>
          </div>
        </div>
      </div>
    </div>
  </main>
</DocumentFragment>
`;
