// Vitest Snapshot v1

exports[`Books View > will render a list of collections 1`] = `
<DocumentFragment>
  <div>
    <header
      class="bg-white shadow"
    >
      <div
        class="mx-auto max-w-7xl py-6 px-4 sm:px-6 lg:px-8"
      >
        <h1
          class="text-3xl font-bold tracking-tight text-gray-900"
        >
          Books
        </h1>
      </div>
    </header>
    <main>
      <div
        class="mx-auto max-w-7xl py-6 sm:px-6 lg:px-8"
      >
        <div
          class="px-4 py-6 sm:px-0"
        >
          <div
            data-testid="collection-list"
          >
            <div
              class="px-4 py-5 sm:grid sm:grid-cols-2 sm:gap-4 sm:px-6 bg-gray-50"
            >
              <div
                class="flex items-center text-base font-medium text-gray-800"
              >
                <span
                  class="mr-6"
                >
                  <svg
                    class="h-6 w-6"
                    fill="none"
                    stroke="currentColor"
                    stroke-width="1.5"
                    viewBox="0 0 24 24"
                    xmlns="http://www.w3.org/2000/svg"
                  >
                    <path
                      d="M12 21v-8.25M15.75 21v-8.25M8.25 21v-8.25M3 9l9-6 9 6m-1.5 12V10.332A48.36 48.36 0 0012 9.75c-2.551 0-5.056.2-7.5.582V21M3 21h18M12 6.75h.008v.008H12V6.75z"
                      stroke-linecap="round"
                      stroke-linejoin="round"
                    />
                  </svg>
                </span>
                 title collection
              </div>
              <div
                class="mt-1 flex justify-end text-sm text-gray-900 sm:mt-0"
              >
                <button
                  class="rounded-lg font-medium text-base text-center px-5 py-2.5 text-gray bg-gray-200 hover:bg-gray-300 flex"
                  data-testid="collection-button"
                >
                  View Books
                  <span
                    class="ml-2"
                  >
                    <svg
                      class="h-6 w-6"
                      fill="none"
                      stroke="currentColor"
                      stroke-width="1.5"
                      viewBox="0 0 24 24"
                      xmlns="http://www.w3.org/2000/svg"
                    >
                      <path
                        d="M2.036 12.322a1.012 1.012 0 010-.639C3.423 7.51 7.36 4.5 12 4.5c4.638 0 8.573 3.007 9.963 7.178.07.207.07.431 0 .639C20.577 16.49 16.64 19.5 12 19.5c-4.638 0-8.573-3.007-9.963-7.178z"
                        stroke-linecap="round"
                        stroke-linejoin="round"
                      />
                      <path
                        d="M15 12a3 3 0 11-6 0 3 3 0 016 0z"
                        stroke-linecap="round"
                        stroke-linejoin="round"
                      />
                    </svg>
                  </span>
                </button>
              </div>
            </div>
            <div
              class="px-4 py-5 sm:grid sm:grid-cols-2 sm:gap-4 sm:px-6 bg-white"
            >
              <div
                class="flex items-center text-base font-medium text-gray-800"
              >
                <span
                  class="mr-6"
                >
                  <svg
                    class="h-6 w-6"
                    fill="none"
                    stroke="currentColor"
                    stroke-width="1.5"
                    viewBox="0 0 24 24"
                    xmlns="http://www.w3.org/2000/svg"
                  >
                    <path
                      d="M12 21v-8.25M15.75 21v-8.25M8.25 21v-8.25M3 9l9-6 9 6m-1.5 12V10.332A48.36 48.36 0 0012 9.75c-2.551 0-5.056.2-7.5.582V21M3 21h18M12 6.75h.008v.008H12V6.75z"
                      stroke-linecap="round"
                      stroke-linejoin="round"
                    />
                  </svg>
                </span>
                 title collection
              </div>
              <div
                class="mt-1 flex justify-end text-sm text-gray-900 sm:mt-0"
              >
                <button
                  class="rounded-lg font-medium text-base text-center px-5 py-2.5 text-gray bg-gray-200 hover:bg-gray-300 flex"
                  data-testid="collection-button"
                >
                  View Books
                  <span
                    class="ml-2"
                  >
                    <svg
                      class="h-6 w-6"
                      fill="none"
                      stroke="currentColor"
                      stroke-width="1.5"
                      viewBox="0 0 24 24"
                      xmlns="http://www.w3.org/2000/svg"
                    >
                      <path
                        d="M2.036 12.322a1.012 1.012 0 010-.639C3.423 7.51 7.36 4.5 12 4.5c4.638 0 8.573 3.007 9.963 7.178.07.207.07.431 0 .639C20.577 16.49 16.64 19.5 12 19.5c-4.638 0-8.573-3.007-9.963-7.178z"
                        stroke-linecap="round"
                        stroke-linejoin="round"
                      />
                      <path
                        d="M15 12a3 3 0 11-6 0 3 3 0 016 0z"
                        stroke-linecap="round"
                        stroke-linejoin="round"
                      />
                    </svg>
                  </span>
                </button>
              </div>
            </div>
          </div>
        </div>
      </div>
    </main>
  </div>
</DocumentFragment>
`;
