// Vitest Snapshot v1

exports[`Books View > will render a list of books 1`] = `
<DocumentFragment>
  <div>
    <header
      class="bg-white shadow"
    >
      <div
        class="mx-auto max-w-7xl py-6 px-4 sm:px-6 lg:px-8"
      >
        <h1
          class="text-3xl font-bold tracking-tight text-gray-900"
        >
          Books
        </h1>
      </div>
    </header>
    <main>
      <div
        class="mx-auto max-w-7xl py-6 sm:px-6 lg:px-8"
      >
        <div
          class="flex justify-end"
        >
          <button
            class="rounded-lg font-medium text-base text-center px-5 py-2.5 text-white bg-blue-700 hover:bg-blue-800 "
            type="button"
          >
            Add New Book
          </button>
        </div>
        <div
          class="px-4 py-6 sm:px-0"
        >
          <div
            data-testid="book-list"
          >
            <div
              class="rounded-t-lg bg-gray-200 px-4 py-5 sm:grid sm:grid-cols-3 sm:gap-4 sm:px-6"
            >
              <div
                class="flex items-center text-lg font-bold text-gray-900"
              >
                Book Title
              </div>
              <div>
                <input
                  class="bg-gray-50 border border-gray-300 text-gray-900 text-sm rounded-lg focus:ring-blue-500 focus:border-blue-500 block w-full p-2.5 dark:bg-gray-600 dark:border-gray-500 dark:placeholder-gray-400 dark:text-white"
                  data-testid="search"
                  placeholder="Search"
                  required=""
                  type="text"
                />
              </div>
            </div>
            <div
              class="px-4 py-5 sm:grid sm:grid-cols-3 sm:gap-4 sm:px-6 bg-gray-50"
            >
              <div
                class="flex items-center text-base font-medium text-gray-800"
              >
                <span
                  class="mr-6 text-green-500"
                >
                  <svg
                    class="h-6 w-6"
                    fill="none"
                    stroke="currentColor"
                    stroke-width="1.5"
                    viewBox="0 0 24 24"
                    xmlns="http://www.w3.org/2000/svg"
                  >
                    <path
                      d="M17.593 3.322c1.1.128 1.907 1.077 1.907 2.185V21L12 17.25 4.5 21V5.507c0-1.108.806-2.057 1.907-2.185a48.507 48.507 0 0111.186 0z"
                      stroke-linecap="round"
                      stroke-linejoin="round"
                    />
                  </svg>
                </span>
                 title 1
              </div>
              <div
                class="mt-1 text-sm text-gray-900 sm:mt-0"
              />
              <div
                class="mt-1 flex justify-end text-sm text-gray-900 sm:mt-0"
              >
                <button
                  class="rounded-lg font-medium text-base text-center px-5 py-2.5 text-gray bg-gray-200 hover:bg-gray-300 "
                  data-testid="book-list-read"
                >
                  Read
                </button>
                <button
                  class="bg-transparent inline-flex items-center rounded-lg text-sm text-gray-400 ml-2 hover:bg-gray-200 hover:text-gray-900 dark:hover:bg-gray-800 dark:hover:text-white"
                  data-testid="book-list-delete"
                >
                  <svg
                    class="h-6 w-6"
                    fill="none"
                    stroke="currentColor"
                    stroke-width="1.5"
                    viewBox="0 0 24 24"
                    xmlns="http://www.w3.org/2000/svg"
                  >
                    <path
                      d="M14.74 9l-.346 9m-4.788 0L9.26 9m9.968-3.21c.342.052.682.107 1.022.166m-1.022-.165L18.16 19.673a2.25 2.25 0 01-2.244 2.077H8.084a2.25 2.25 0 01-2.244-2.077L4.772 5.79m14.456 0a48.108 48.108 0 00-3.478-.397m-12 .562c.34-.059.68-.114 1.022-.165m0 0a48.11 48.11 0 013.478-.397m7.5 0v-.916c0-1.18-.91-2.164-2.09-2.201a51.964 51.964 0 00-3.32 0c-1.18.037-2.09 1.022-2.09 2.201v.916m7.5 0a48.667 48.667 0 00-7.5 0"
                      stroke-linecap="round"
                      stroke-linejoin="round"
                    />
                  </svg>
                </button>
              </div>
            </div>
            <div
              class="px-4 py-5 sm:grid sm:grid-cols-3 sm:gap-4 sm:px-6 bg-white"
            >
              <div
                class="flex items-center text-base font-medium text-gray-800"
              >
                <span
                  class="mr-6 text-red-500"
                >
                  <svg
                    class="h-6 w-6"
                    fill="none"
                    stroke="currentColor"
                    stroke-width="1.5"
                    viewBox="0 0 24 24"
                    xmlns="http://www.w3.org/2000/svg"
                  >
                    <path
                      d="M17.593 3.322c1.1.128 1.907 1.077 1.907 2.185V21L12 17.25 4.5 21V5.507c0-1.108.806-2.057 1.907-2.185a48.507 48.507 0 0111.186 0z"
                      stroke-linecap="round"
                      stroke-linejoin="round"
                    />
                  </svg>
                </span>
                 title 2
              </div>
              <div
                class="mt-1 text-sm text-gray-900 sm:mt-0"
              />
              <div
                class="mt-1 flex justify-end text-sm text-gray-900 sm:mt-0"
              >
                <button
                  class="rounded-lg font-medium text-base text-center px-5 py-2.5 text-gray bg-gray-200 hover:bg-gray-300 "
                  data-testid="book-list-read"
                >
                  Read
                </button>
                <button
                  class="bg-transparent inline-flex items-center rounded-lg text-sm text-gray-400 ml-2 hover:bg-gray-200 hover:text-gray-900 dark:hover:bg-gray-800 dark:hover:text-white"
                  data-testid="book-list-delete"
                >
                  <svg
                    class="h-6 w-6"
                    fill="none"
                    stroke="currentColor"
                    stroke-width="1.5"
                    viewBox="0 0 24 24"
                    xmlns="http://www.w3.org/2000/svg"
                  >
                    <path
                      d="M14.74 9l-.346 9m-4.788 0L9.26 9m9.968-3.21c.342.052.682.107 1.022.166m-1.022-.165L18.16 19.673a2.25 2.25 0 01-2.244 2.077H8.084a2.25 2.25 0 01-2.244-2.077L4.772 5.79m14.456 0a48.108 48.108 0 00-3.478-.397m-12 .562c.34-.059.68-.114 1.022-.165m0 0a48.11 48.11 0 013.478-.397m7.5 0v-.916c0-1.18-.91-2.164-2.09-2.201a51.964 51.964 0 00-3.32 0c-1.18.037-2.09 1.022-2.09 2.201v.916m7.5 0a48.667 48.667 0 00-7.5 0"
                      stroke-linecap="round"
                      stroke-linejoin="round"
                    />
                  </svg>
                </button>
              </div>
            </div>
          </div>
        </div>
      </div>
    </main>
  </div>
</DocumentFragment>
`;
