// Vitest Snapshot v1

exports[`Dashboard > should render a list of words 1`] = `
<DocumentFragment>
  <header
    class="bg-white shadow"
  >
    <div
      class="mx-auto max-w-7xl py-6 px-4 sm:px-6 lg:px-8"
    >
      <h1
        class="text-3xl font-bold tracking-tight text-gray-900"
      >
        Dashboard
      </h1>
    </div>
  </header>
  <main>
    <div
      class="mx-auto max-w-7xl py-6 sm:px-6 lg:px-8"
    >
      <div
        class="px-4 py-6 sm:px-0"
      >
        <div
          class="h-96 rounded-lg border-4 border-dashed border-gray-200 p-10"
        >
          <span
            class="mr-4 rounded border-2 p-3 
        bg-red-10 
        border-gray-10
    "
            data-testid="heat-map-word"
          >
            <span
              class="font-bold text-gray-900"
            >
              this
            </span>
            <span
              class="ml-4 rounded-full py-1 px-3 text-white bg-red-50"
            >
              1
            </span>
          </span>
          <span
            class="mr-4 rounded border-2 p-3 
        bg-red-50 
        border-gray-50
    "
            data-testid="heat-map-word"
          >
            <span
              class="font-bold text-gray-900"
            >
              that
            </span>
            <span
              class="ml-4 rounded-full py-1 px-3 text-white bg-red-250"
            >
              5
            </span>
          </span>
          <span
            class="mr-4 rounded border-2 p-3 
        bg-red-100 
        border-gray-100
    "
            data-testid="heat-map-word"
          >
            <span
              class="font-bold text-gray-900"
            >
              would
            </span>
            <span
              class="ml-4 rounded-full py-1 px-3 text-white bg-red-500"
            >
              10
            </span>
          </span>
          <span
            class="mr-4 rounded border-2 p-3 
        bg-red-150 
        border-gray-150
    "
            data-testid="heat-map-word"
          >
            <span
              class="font-bold text-gray-900"
            >
              dog
            </span>
            <span
              class="ml-4 rounded-full py-1 px-3 text-white bg-red-750"
            >
              15
            </span>
          </span>
          <span
            class="mr-4 rounded border-2 p-3 
        bg-red-200 
        border-gray-200
    "
            data-testid="heat-map-word"
          >
            <span
              class="font-bold text-gray-900"
            >
              right
            </span>
            <span
              class="ml-4 rounded-full py-1 px-3 text-white bg-red-900"
            >
              20
            </span>
          </span>
          <span
            class="mr-4 rounded border-2 p-3 
        bg-red-400 
        border-gray-400
    "
            data-testid="heat-map-word"
          >
            <span
              class="font-bold text-gray-900"
            >
              live
            </span>
            <span
              class="ml-4 rounded-full py-1 px-3 text-white bg-red-900"
            >
              40
            </span>
          </span>
        </div>
      </div>
    </div>
  </main>
</DocumentFragment>
`;
